C:\Users\BuccelliLab\Documents\GitHub\intan_project\Hardware\Stimulation Controller\proj\main.ngc 1530533108
C:\Users\BuccelliLab\Documents\GitHub\intan_project\Hardware\Stimulation Controller\proj/okWireIn.ngc 1530531390
C:\Users\BuccelliLab\Documents\GitHub\intan_project\Hardware\Stimulation Controller\proj/okTriggerIn.ngc 1530531390
C:\Users\BuccelliLab\Documents\GitHub\intan_project\Hardware\Stimulation Controller\proj/okWireOut.ngc 1530531390
C:\Users\BuccelliLab\Documents\GitHub\intan_project\Hardware\Stimulation Controller\proj/okPipeIn.ngc 1530531390
C:\Users\BuccelliLab\Documents\GitHub\intan_project\Hardware\Stimulation Controller\proj/okPipeOut.ngc 1530531390
C:\Users\BuccelliLab\Documents\GitHub\intan_project\Hardware\Stimulation Controller\proj/okCoreHarness.ngc 1530531390
C:\Users\BuccelliLab\Documents\GitHub\intan_project\Hardware\Stimulation Controller\proj/TFIFO64x8a_64x8b.ngc 1530531387
C:\Users\BuccelliLab\Documents\GitHub\intan_project\Hardware\Stimulation Controller\proj/fifo_w16_2048_r64_512.ngc 1530531387
C:\Users\BuccelliLab\Documents\GitHub\intan_project\Hardware\Stimulation Controller\proj/fifo_w64_512_r16_2048.ngc 1530531387
C:\Users\BuccelliLab\Documents\GitHub\intan_project\Hardware\Stimulation Controller\proj/multiplier_18x18.ngc 1530531390
OK
